17:53:34 **** Incremental Build of configuration Debug for project temp ****
make -j8 all 
arm-none-eabi-gcc "../STM32_WPAN/App/custom_app.c" -mcpu=cortex-m4 -std=gnu11 -g3 -DDEBUG -DUSE_HAL_DRIVER -DSTM32WB55xx -c -I../Core/Inc -I../Drivers/STM32WBxx_HAL_Driver/Inc -I../Drivers/STM32WBxx_HAL_Driver/Inc/Legacy -I../Drivers/CMSIS/Device/ST/STM32WBxx/Include -I../Drivers/CMSIS/Include -I../STM32_WPAN/App -I../Utilities/lpm/tiny_lpm -I../Middlewares/ST/STM32_WPAN -I../Middlewares/ST/STM32_WPAN/interface/patterns/ble_thread -I../Middlewares/ST/STM32_WPAN/interface/patterns/ble_thread/tl -I../Middlewares/ST/STM32_WPAN/interface/patterns/ble_thread/shci -I../Middlewares/ST/STM32_WPAN/utilities -I../Middlewares/ST/STM32_WPAN/ble/core -I../Middlewares/ST/STM32_WPAN/ble/core/auto -I../Middlewares/ST/STM32_WPAN/ble/core/template -I../Middlewares/ST/STM32_WPAN/ble/svc/Inc -I../Middlewares/ST/STM32_WPAN/ble/svc/Src -I../Utilities/sequencer -I../Middlewares/ST/STM32_WPAN/ble -O0 -ffunction-sections -fdata-sections -Wall -fstack-usage -MMD -MP -MF"STM32_WPAN/App/custom_app.d" -MT"STM32_WPAN/App/custom_app.o" --specs=nano.specs -mfpu=fpv4-sp-d16 -mfloat-abi=hard -mthumb -o "STM32_WPAN/App/custom_app.o"
In file included from ../STM32_WPAN/App/custom_app.c:22:
../Core/Inc/main.h:58:13: warning: 'restartTimCustom' declared 'static' but never defined [-Wunused-function]
   58 | static void restartTimCustom(void);
      |             ^~~~~~~~~~~~~~~~
../STM32_WPAN/App/custom_app.c:279:6: warning: 'Custom_Val_Update_Char' defined but not used [-Wunused-function]
  279 | void Custom_Val_Update_Char(void) /* Property Read */
      |      ^~~~~~~~~~~~~~~~~~~~~~
../STM32_WPAN/App/custom_app.c:259:6: warning: 'Custom_Bval_Send_Notification' defined but not used [-Wunused-function]
  259 | void Custom_Bval_Send_Notification(void) /* Property Notification */
      |      ^~~~~~~~~~~~~~~~~~~~~~~~~~~~~
arm-none-eabi-g++ -o "temp.elf" @"objects.list"   -mcpu=cortex-m4 -T"C:\Users\dima8\Desktop\teamplate\temp\STM32WB55RGVX_FLASH.ld" --specs=nosys.specs -Wl,-Map="temp.map" -Wl,--gc-sections -static --specs=nano.specs -mfpu=fpv4-sp-d16 -mfloat-abi=hard -mthumb -Wl,--start-group -lc -lm -lstdc++ -lsupc++ -Wl,--end-group
Finished building target: temp.elf
 
arm-none-eabi-objdump -h -S  temp.elf  > "temp.list"
arm-none-eabi-objcopy  -O binary  temp.elf  "temp.bin"
arm-none-eabi-size   temp.elf 
   text	   data	    bss	    dec	    hex	filename
  39892	    420	   5406	  45718	   b296	temp.elf
Finished building: default.size.stdout
 
Finished building: temp.bin
 
Finished building: temp.list
 

17:53:41 Build Finished. 0 errors, 3 warnings. (took 6s.162ms)

