stm32wbxx_ll_pwr.h:1664:22:LL_C2_PWR_SetPowerMode	16	static
stm32wbxx_ll_rcc.h:2331:22:LL_RCC_SetClkAfterWakeFromStop	16	static
app_entry.c:77:6:APPE_Init	8	static
app_entry.c:116:13:SystemPower_Config	8	static
app_entry.c:138:13:appe_Tl_Init	40	static
app_entry.c:163:13:APPE_SysStatusNot	16	static
app_entry.c:178:13:APPE_SysUserEvtRx	16	static
app_entry.c:199:6:UTIL_SEQ_Idle	4	static
app_entry.c:214:6:UTIL_SEQ_EvtIdle	16	static
app_entry.c:219:6:shci_notify_asynch_evt	16	static
app_entry.c:225:6:shci_cmd_resp_release	16	static
app_entry.c:231:6:shci_cmd_resp_wait	16	static
