stm32wbxx_ll_rcc.h:1667:22:LL_RCC_LSE_SetDriveCapability	16	static
stm32wbxx_ll_bus.h:365:22:LL_AHB1_GRP1_EnableClock	24	static
stm32wbxx_ll_bus.h:540:22:LL_AHB2_GRP1_EnableClock	24	static
main.c:75:5:main	32	static
main.c:131:6:SystemClock_Config	192	static
main.c:213:13:MX_ADC1_Init	32	static
main.c:269:13:MX_RF_Init	4	static
main.c:290:13:MX_RTC_Init	8	static
main.c:325:13:MX_USART1_UART_Init	8	static
main.c:371:13:MX_DMA_Init	8	static
main.c:390:13:MX_GPIO_Init	32	static
main.c:418:6:Error_Handler	4	static,ignoring_inline_asm
