stm32wbxx_ll_rcc.h:2865:22:LL_RCC_EnableRTC	4	static
stm32wbxx_ll_rcc.h:2875:22:LL_RCC_DisableRTC	4	static
stm32wbxx_ll_bus.h:540:22:LL_AHB2_GRP1_EnableClock	24	static
stm32wbxx_ll_bus.h:598:22:LL_AHB2_GRP1_DisableClock	16	static
stm32wbxx_ll_bus.h:745:22:LL_AHB3_GRP1_EnableClock	24	static
stm32wbxx_ll_bus.h:940:22:LL_APB1_GRP1_EnableClock	24	static
stm32wbxx_ll_bus.h:1039:22:LL_APB1_GRP1_DisableClock	16	static
stm32wbxx_ll_bus.h:1275:22:LL_APB2_GRP1_EnableClock	24	static
stm32wbxx_ll_bus.h:1329:22:LL_APB2_GRP1_DisableClock	16	static
stm32wbxx_hal_msp.c:65:6:HAL_MspInit	8	static
stm32wbxx_hal_msp.c:91:6:HAL_ADC_MspInit	40	static
stm32wbxx_hal_msp.c:124:6:HAL_ADC_MspDeInit	16	static
stm32wbxx_hal_msp.c:152:6:HAL_RTC_MspInit	16	static
stm32wbxx_hal_msp.c:175:6:HAL_RTC_MspDeInit	16	static
stm32wbxx_hal_msp.c:198:6:HAL_UART_MspInit	40	static
stm32wbxx_hal_msp.c:252:6:HAL_UART_MspDeInit	16	static
