stm32wbxx_ll_system.h:2221:26:LL_FLASH_GetUDN	4	static
stm32wbxx_ll_system.h:2233:26:LL_FLASH_GetDeviceID	4	static
stm32wbxx_ll_system.h:2245:26:LL_FLASH_GetSTCompanyID	4	static
app_ble.c:254:6:APP_BLE_Init	64	static
app_ble.c:365:28:SVCCTL_App_Notification	48	static
app_ble.c:558:22:APP_BLE_Get_Server_Connection_Status	4	static
app_ble.c:571:13:Ble_Tl_Init	16	static
app_ble.c:582:13:Ble_Hci_Gap_Gatt_Init	80	static
app_ble.c:710:13:Adv_Request	56	static
app_ble.c:744:16:BleGetBdAddress	32	static
app_ble.c:801:13:Adv_Cancel	16	static
app_ble.c:886:6:hci_notify_asynch_evt	16	static
app_ble.c:892:6:hci_cmd_resp_release	16	static
app_ble.c:898:6:hci_cmd_resp_wait	16	static
app_ble.c:904:13:BLE_UserEvtRx	24	static
app_ble.c:922:13:BLE_StatusNot	24	static
app_ble.c:953:6:SVCCTL_ResumeUserEventFlow	8	static
app_ble.c:960:13:AdvUpdate	8	static
app_ble.c:967:13:AutoDisconnect	8	static
app_ble.c:975:13:GoSleep	8	static
